2026-08-29 14:48:43 - main - INFO - [main.py:147] - 🚀 Starting Soy Grandez Engine - Phase 1 Integration Tests
2026-08-29 14:48:43 - main - INFO - [main.py:148] - Environment: development
2026-08-29 14:48:43 - main - INFO - [main.py:149] - Database: host.docker.internal:3307/stream_admin_db
2026-08-29 14:48:43 - main - INFO - [main.py:150] - 
2026-08-29 14:48:43 - main - INFO - [main.py:17] - ============================================================
2026-08-29 14:48:43 - main - INFO - [main.py:18] - TEST 1: Database Connection
2026-08-29 14:48:43 - main - INFO - [main.py:19] - ============================================================
2026-08-29 14:48:43 - main - ERROR - [main.py:27] - ❌ Database connection failed
2026-08-29 14:48:43 - main - INFO - [main.py:35] - ============================================================
2026-08-29 14:48:43 - main - INFO - [main.py:36] - TEST 2: Credential Repository
2026-08-29 14:48:43 - main - INFO - [main.py:37] - ============================================================
2026-08-29 14:48:55 - main - ERROR - [main.py:60] - ❌ Credential repository error: (pymysql.err.OperationalError) (2003, "Can't connect to MySQL server on 'host.docker.internal' (timed out)")
(Background on this error at: https://sqlalche.me/e/20/e3q8)
2026-08-29 14:48:55 - main - INFO - [main.py:65] - ============================================================
2026-08-29 14:48:55 - main - INFO - [main.py:66] - TEST 3: Laravel API Authentication
2026-08-29 14:48:55 - main - INFO - [main.py:67] - ============================================================
2026-08-29 14:48:55 - main - INFO - [main.py:74] - ✅ Laravel API authentication successful
2026-08-29 14:48:55 - main - INFO - [main.py:75] - API Base URL: http://host.docker.internal:8082/api
2026-08-29 14:48:55 - main - INFO - [main.py:86] - ============================================================
2026-08-29 14:48:55 - main - INFO - [main.py:87] - TEST 4: Laravel API - Get Accounts
2026-08-29 14:48:55 - main - INFO - [main.py:88] - ============================================================
2026-08-29 14:49:26 - main - INFO - [main.py:100] - ✅ Retrieved 0 accounts from Laravel API
2026-08-29 14:49:26 - main - INFO - [main.py:117] - ============================================================
2026-08-29 14:49:26 - main - INFO - [main.py:118] - TEST 5: Laravel API - Get Expired Subscriptions
2026-08-29 14:49:26 - main - INFO - [main.py:119] - ============================================================
2026-08-29 14:49:56 - main - INFO - [main.py:131] - ✅ Retrieved 0 expired subscriptions from Laravel API
2026-08-29 14:49:56 - main - INFO - [main.py:162] - 
2026-08-29 14:49:56 - main - INFO - [main.py:163] - ============================================================
2026-08-29 14:49:56 - main - INFO - [main.py:164] - TEST SUMMARY
2026-08-29 14:49:56 - main - INFO - [main.py:165] - ============================================================
2026-08-29 14:49:56 - main - INFO - [main.py:168] - Total Tests: 5
2026-08-29 14:49:56 - main - INFO - [main.py:169] - Passed: 3
2026-08-29 14:49:56 - main - INFO - [main.py:170] - Failed: 2
2026-08-29 14:49:56 - main - ERROR - [main.py:176] - ❌ Some integration tests failed. Please check the logs above.
2026-08-29 14:56:34 - main - INFO - [main.py:147] - 🚀 Starting Soy Grandez Engine - Phase 1 Integration Tests
2026-08-29 14:56:34 - main - INFO - [main.py:148] - Environment: development
2026-08-29 14:56:34 - main - INFO - [main.py:149] - Database: host.docker.internal:3307/stream_admin_db
2026-08-29 14:56:34 - main - INFO - [main.py:150] - 
2026-08-29 14:56:34 - main - INFO - [main.py:17] - ============================================================
2026-08-29 14:56:34 - main - INFO - [main.py:18] - TEST 1: Database Connection
2026-08-29 14:56:34 - main - INFO - [main.py:19] - ============================================================
2026-08-29 14:56:44 - main - ERROR - [main.py:27] - ❌ Database connection failed
2026-08-29 14:56:44 - main - INFO - [main.py:35] - ============================================================
2026-08-29 14:56:44 - main - INFO - [main.py:36] - TEST 2: Credential Repository
2026-08-29 14:56:44 - main - INFO - [main.py:37] - ============================================================
2026-08-29 14:56:54 - main - ERROR - [main.py:60] - ❌ Credential repository error: (pymysql.err.OperationalError) (2003, "Can't connect to MySQL server on 'host.docker.internal' (timed out)")
(Background on this error at: https://sqlalche.me/e/20/e3q8)
2026-08-29 14:56:54 - main - INFO - [main.py:65] - ============================================================
2026-08-29 14:56:54 - main - INFO - [main.py:66] - TEST 3: Laravel API Authentication
2026-08-29 14:56:54 - main - INFO - [main.py:67] - ============================================================
2026-08-29 14:56:54 - main - INFO - [main.py:74] - ✅ Laravel API authentication successful
2026-08-29 14:56:54 - main - INFO - [main.py:75] - API Base URL: http://host.docker.internal:8082/api
2026-08-29 14:56:54 - main - INFO - [main.py:86] - ============================================================
2026-08-29 14:56:54 - main - INFO - [main.py:87] - TEST 4: Laravel API - Get Accounts
2026-08-29 14:56:54 - main - INFO - [main.py:88] - ============================================================
2026-08-29 14:57:25 - main - INFO - [main.py:100] - ✅ Retrieved 0 accounts from Laravel API
2026-08-29 14:57:25 - main - INFO - [main.py:117] - ============================================================
2026-08-29 14:57:25 - main - INFO - [main.py:118] - TEST 5: Laravel API - Get Expired Subscriptions
2026-08-29 14:57:25 - main - INFO - [main.py:119] - ============================================================
2026-08-29 14:57:55 - main - INFO - [main.py:131] - ✅ Retrieved 0 expired subscriptions from Laravel API
2026-08-29 14:57:55 - main - INFO - [main.py:162] - 
2026-08-29 14:57:55 - main - INFO - [main.py:163] - ============================================================
2026-08-29 14:57:55 - main - INFO - [main.py:164] - TEST SUMMARY
2026-08-29 14:57:55 - main - INFO - [main.py:165] - ============================================================
2026-08-29 14:57:55 - main - INFO - [main.py:168] - Total Tests: 5
2026-08-29 14:57:55 - main - INFO - [main.py:169] - Passed: 3
2026-08-29 14:57:55 - main - INFO - [main.py:170] - Failed: 2
2026-08-29 14:57:55 - main - ERROR - [main.py:176] - ❌ Some integration tests failed. Please check the logs above.
2026-08-29 14:58:47 - main - INFO - [main.py:147] - 🚀 Starting Soy Grandez Engine - Phase 1 Integration Tests
2026-08-29 14:58:47 - main - INFO - [main.py:148] - Environment: development
2026-08-29 14:58:47 - main - INFO - [main.py:149] - Database: localhost:3307/stream_admin_db
2026-08-29 14:58:47 - main - INFO - [main.py:150] - 
2026-08-29 14:58:47 - main - INFO - [main.py:17] - ============================================================
2026-08-29 14:58:47 - main - INFO - [main.py:18] - TEST 1: Database Connection
2026-08-29 14:58:47 - main - INFO - [main.py:19] - ============================================================
2026-08-29 14:58:47 - main - ERROR - [main.py:27] - ❌ Database connection failed
2026-08-29 14:58:47 - main - INFO - [main.py:35] - ============================================================
2026-08-29 14:58:47 - main - INFO - [main.py:36] - TEST 2: Credential Repository
2026-08-29 14:58:47 - main - INFO - [main.py:37] - ============================================================
2026-08-29 14:58:47 - main - ERROR - [main.py:60] - ❌ Credential repository error: (pymysql.err.OperationalError) (2003, "Can't connect to MySQL server on 'localhost' ([Errno 111] Connection refused)")
(Background on this error at: https://sqlalche.me/e/20/e3q8)
2026-08-29 14:58:47 - main - INFO - [main.py:65] - ============================================================
2026-08-29 14:58:47 - main - INFO - [main.py:66] - TEST 3: Laravel API Authentication
2026-08-29 14:58:47 - main - INFO - [main.py:67] - ============================================================
2026-08-29 14:58:47 - main - INFO - [main.py:74] - ✅ Laravel API authentication successful
2026-08-29 14:58:47 - main - INFO - [main.py:75] - API Base URL: http://host.docker.internal:8082/api
2026-08-29 14:58:47 - main - INFO - [main.py:86] - ============================================================
2026-08-29 14:58:47 - main - INFO - [main.py:87] - TEST 4: Laravel API - Get Accounts
2026-08-29 14:58:47 - main - INFO - [main.py:88] - ============================================================
2026-08-29 14:59:17 - main - INFO - [main.py:100] - ✅ Retrieved 0 accounts from Laravel API
2026-08-29 14:59:17 - main - INFO - [main.py:117] - ============================================================
2026-08-29 14:59:17 - main - INFO - [main.py:118] - TEST 5: Laravel API - Get Expired Subscriptions
2026-08-29 14:59:17 - main - INFO - [main.py:119] - ============================================================
2026-08-29 14:59:47 - main - INFO - [main.py:131] - ✅ Retrieved 0 expired subscriptions from Laravel API
2026-08-29 14:59:47 - main - INFO - [main.py:162] - 
2026-08-29 14:59:47 - main - INFO - [main.py:163] - ============================================================
2026-08-29 14:59:47 - main - INFO - [main.py:164] - TEST SUMMARY
2026-08-29 14:59:47 - main - INFO - [main.py:165] - ============================================================
2026-08-29 14:59:47 - main - INFO - [main.py:168] - Total Tests: 5
2026-08-29 14:59:47 - main - INFO - [main.py:169] - Passed: 3
2026-08-29 14:59:47 - main - INFO - [main.py:170] - Failed: 2
2026-08-29 14:59:47 - main - ERROR - [main.py:176] - ❌ Some integration tests failed. Please check the logs above.
2026-08-29 15:05:01 - main - INFO - [main.py:147] - 🚀 Starting Soy Grandez Engine - Phase 1 Integration Tests
2026-08-29 15:05:01 - main - INFO - [main.py:148] - Environment: development
2026-08-29 15:05:01 - main - INFO - [main.py:149] - Database: localhost:3307/stream_admin_db
2026-08-29 15:05:01 - main - INFO - [main.py:150] - 
2026-08-29 15:05:01 - main - INFO - [main.py:17] - ============================================================
2026-08-29 15:05:01 - main - INFO - [main.py:18] - TEST 1: Database Connection
2026-08-29 15:05:01 - main - INFO - [main.py:19] - ============================================================
2026-08-29 15:05:01 - main - INFO - [main.py:24] - ✅ Database connection successful
2026-08-29 15:05:01 - main - INFO - [main.py:35] - ============================================================
2026-08-29 15:05:01 - main - INFO - [main.py:36] - TEST 2: Credential Repository
2026-08-29 15:05:01 - main - INFO - [main.py:37] - ============================================================
2026-08-29 15:05:01 - main - ERROR - [main.py:60] - ❌ Credential repository error: (pymysql.err.ProgrammingError) (1146, "Table 'stream_admin_db.credentials' doesn't exist")
[SQL: SELECT credentials.id AS credentials_id, credentials.platform AS credentials_platform, credentials.username AS credentials_username, credentials.encrypted_password AS credentials_encrypted_password, credentials.encrypted_api_key AS credentials_encrypted_api_key, credentials.email AS credentials_email, credentials.phone AS credentials_phone, credentials.is_active AS credentials_is_active, credentials.created_at AS credentials_created_at, credentials.updated_at AS credentials_updated_at 
FROM credentials 
WHERE credentials.is_active = true]
(Background on this error at: https://sqlalche.me/e/20/f405)
2026-08-29 15:05:01 - main - INFO - [main.py:65] - ============================================================
2026-08-29 15:05:01 - main - INFO - [main.py:66] - TEST 3: Laravel API Authentication
2026-08-29 15:05:01 - main - INFO - [main.py:67] - ============================================================
2026-08-29 15:05:01 - main - INFO - [main.py:74] - ✅ Laravel API authentication successful
2026-08-29 15:05:01 - main - INFO - [main.py:75] - API Base URL: http://host.docker.internal:8082/api
2026-08-29 15:05:01 - main - INFO - [main.py:86] - ============================================================
2026-08-29 15:05:01 - main - INFO - [main.py:87] - TEST 4: Laravel API - Get Accounts
2026-08-29 15:05:01 - main - INFO - [main.py:88] - ============================================================
2026-08-29 15:05:07 - main - INFO - [main.py:358] - Operation cancelled by user
2026-08-29 15:05:13 - main - INFO - [main.py:147] - 🚀 Starting Soy Grandez Engine - Phase 1 Integration Tests
2026-08-29 15:05:13 - main - INFO - [main.py:148] - Environment: development
2026-08-29 15:05:13 - main - INFO - [main.py:149] - Database: localhost:3307/stream_admin_db
2026-08-29 15:05:13 - main - INFO - [main.py:150] - 
2026-08-29 15:05:13 - main - INFO - [main.py:17] - ============================================================
2026-08-29 15:05:13 - main - INFO - [main.py:18] - TEST 1: Database Connection
2026-08-29 15:05:13 - main - INFO - [main.py:19] - ============================================================
2026-08-29 15:05:13 - main - INFO - [main.py:24] - ✅ Database connection successful
2026-08-29 15:05:13 - main - INFO - [main.py:35] - ============================================================
2026-08-29 15:05:13 - main - INFO - [main.py:36] - TEST 2: Credential Repository
2026-08-29 15:05:13 - main - INFO - [main.py:37] - ============================================================
2026-08-29 15:05:13 - main - ERROR - [main.py:60] - ❌ Credential repository error: (pymysql.err.ProgrammingError) (1146, "Table 'stream_admin_db.credentials' doesn't exist")
[SQL: SELECT credentials.id AS credentials_id, credentials.platform AS credentials_platform, credentials.username AS credentials_username, credentials.encrypted_password AS credentials_encrypted_password, credentials.encrypted_api_key AS credentials_encrypted_api_key, credentials.email AS credentials_email, credentials.phone AS credentials_phone, credentials.is_active AS credentials_is_active, credentials.created_at AS credentials_created_at, credentials.updated_at AS credentials_updated_at 
FROM credentials 
WHERE credentials.is_active = true]
(Background on this error at: https://sqlalche.me/e/20/f405)
2026-08-29 15:05:13 - main - INFO - [main.py:65] - ============================================================
2026-08-29 15:05:13 - main - INFO - [main.py:66] - TEST 3: Laravel API Authentication
2026-08-29 15:05:13 - main - INFO - [main.py:67] - ============================================================
2026-08-29 15:05:13 - main - INFO - [main.py:74] - ✅ Laravel API authentication successful
2026-08-29 15:05:13 - main - INFO - [main.py:75] - API Base URL: http://host.docker.internal:8082/api
2026-08-29 15:05:13 - main - INFO - [main.py:86] - ============================================================
2026-08-29 15:05:13 - main - INFO - [main.py:87] - TEST 4: Laravel API - Get Accounts
2026-08-29 15:05:13 - main - INFO - [main.py:88] - ============================================================
2026-08-29 15:05:43 - main - INFO - [main.py:100] - ✅ Retrieved 0 accounts from Laravel API
2026-08-29 15:05:43 - main - INFO - [main.py:117] - ============================================================
2026-08-29 15:05:43 - main - INFO - [main.py:118] - TEST 5: Laravel API - Get Expired Subscriptions
2026-08-29 15:05:43 - main - INFO - [main.py:119] - ============================================================
2026-08-29 15:06:13 - main - INFO - [main.py:131] - ✅ Retrieved 0 expired subscriptions from Laravel API
2026-08-29 15:06:13 - main - INFO - [main.py:162] - 
2026-08-29 15:06:13 - main - INFO - [main.py:163] - ============================================================
2026-08-29 15:06:13 - main - INFO - [main.py:164] - TEST SUMMARY
2026-08-29 15:06:13 - main - INFO - [main.py:165] - ============================================================
2026-08-29 15:06:13 - main - INFO - [main.py:168] - Total Tests: 5
2026-08-29 15:06:13 - main - INFO - [main.py:169] - Passed: 4
2026-08-29 15:06:13 - main - INFO - [main.py:170] - Failed: 1
2026-08-29 15:06:13 - main - ERROR - [main.py:176] - ❌ Some integration tests failed. Please check the logs above.
2026-08-29 15:10:01 - main - INFO - [main.py:147] - 🚀 Starting Soy Grandez Engine - Phase 1 Integration Tests
2026-08-29 15:10:01 - main - INFO - [main.py:148] - Environment: development
2026-08-29 15:10:01 - main - INFO - [main.py:149] - Database: localhost:3307/stream_admin_db
2026-08-29 15:10:01 - main - INFO - [main.py:150] - 
2026-08-29 15:10:01 - main - INFO - [main.py:17] - ============================================================
2026-08-29 15:10:01 - main - INFO - [main.py:18] - TEST 1: Database Connection
2026-08-29 15:10:01 - main - INFO - [main.py:19] - ============================================================
2026-08-29 15:10:01 - main - INFO - [main.py:24] - ✅ Database connection successful
2026-08-29 15:10:01 - main - INFO - [main.py:35] - ============================================================
2026-08-29 15:10:01 - main - INFO - [main.py:36] - TEST 2: Credential Repository
2026-08-29 15:10:01 - main - INFO - [main.py:37] - ============================================================
2026-08-29 15:10:01 - main - ERROR - [main.py:60] - ❌ Credential repository error: (pymysql.err.ProgrammingError) (1146, "Table 'stream_admin_db.credentials' doesn't exist")
[SQL: SELECT credentials.id AS credentials_id, credentials.platform AS credentials_platform, credentials.username AS credentials_username, credentials.encrypted_password AS credentials_encrypted_password, credentials.encrypted_api_key AS credentials_encrypted_api_key, credentials.email AS credentials_email, credentials.phone AS credentials_phone, credentials.is_active AS credentials_is_active, credentials.created_at AS credentials_created_at, credentials.updated_at AS credentials_updated_at 
FROM credentials 
WHERE credentials.is_active = true]
(Background on this error at: https://sqlalche.me/e/20/f405)
2026-08-29 15:10:01 - main - INFO - [main.py:65] - ============================================================
2026-08-29 15:10:01 - main - INFO - [main.py:66] - TEST 3: Laravel API Authentication
2026-08-29 15:10:01 - main - INFO - [main.py:67] - ============================================================
2026-08-29 15:10:01 - main - INFO - [main.py:74] - ✅ Laravel API authentication successful
2026-08-29 15:10:01 - main - INFO - [main.py:75] - API Base URL: http://host.docker.internal:8082/api
2026-08-29 15:10:01 - main - INFO - [main.py:86] - ============================================================
2026-08-29 15:10:01 - main - INFO - [main.py:87] - TEST 4: Laravel API - Get Accounts
2026-08-29 15:10:01 - main - INFO - [main.py:88] - ============================================================
2026-08-29 15:10:32 - main - INFO - [main.py:100] - ✅ Retrieved 0 accounts from Laravel API
2026-08-29 15:10:32 - main - INFO - [main.py:117] - ============================================================
2026-08-29 15:10:32 - main - INFO - [main.py:118] - TEST 5: Laravel API - Get Expired Subscriptions
2026-08-29 15:10:32 - main - INFO - [main.py:119] - ============================================================
2026-08-29 15:11:02 - main - INFO - [main.py:131] - ✅ Retrieved 0 expired subscriptions from Laravel API
2026-08-29 15:11:02 - main - INFO - [main.py:162] - 
2026-08-29 15:11:02 - main - INFO - [main.py:163] - ============================================================
2026-08-29 15:11:02 - main - INFO - [main.py:164] - TEST SUMMARY
2026-08-29 15:11:02 - main - INFO - [main.py:165] - ============================================================
2026-08-29 15:11:02 - main - INFO - [main.py:168] - Total Tests: 5
2026-08-29 15:11:02 - main - INFO - [main.py:169] - Passed: 4
2026-08-29 15:11:02 - main - INFO - [main.py:170] - Failed: 1
2026-08-29 15:11:02 - main - ERROR - [main.py:176] - ❌ Some integration tests failed. Please check the logs above.
2026-08-29 15:14:36 - main - INFO - [main.py:147] - 🚀 Starting Soy Grandez Engine - Phase 1 Integration Tests
2026-08-29 15:14:36 - main - INFO - [main.py:148] - Environment: development
2026-08-29 15:14:36 - main - INFO - [main.py:149] - Database: localhost:3307/stream_admin_db
2026-08-29 15:14:36 - main - INFO - [main.py:150] - 
2026-08-29 15:14:36 - main - INFO - [main.py:17] - ============================================================
2026-08-29 15:14:36 - main - INFO - [main.py:18] - TEST 1: Database Connection
2026-08-29 15:14:36 - main - INFO - [main.py:19] - ============================================================
2026-08-29 15:14:36 - main - INFO - [main.py:24] - ✅ Database connection successful
2026-08-29 15:14:36 - main - INFO - [main.py:35] - ============================================================
2026-08-29 15:14:36 - main - INFO - [main.py:36] - TEST 2: Credential Repository
2026-08-29 15:14:36 - main - INFO - [main.py:37] - ============================================================
2026-08-29 15:14:36 - main - ERROR - [main.py:60] - ❌ Credential repository error: (pymysql.err.OperationalError) (1054, "Unknown column 'credentials.platform' in 'field list'")
[SQL: SELECT credentials.id AS credentials_id, credentials.platform AS credentials_platform, credentials.username AS credentials_username, credentials.encrypted_password AS credentials_encrypted_password, credentials.encrypted_api_key AS credentials_encrypted_api_key, credentials.email AS credentials_email, credentials.phone AS credentials_phone, credentials.is_active AS credentials_is_active, credentials.created_at AS credentials_created_at, credentials.updated_at AS credentials_updated_at 
FROM credentials 
WHERE credentials.is_active = true]
(Background on this error at: https://sqlalche.me/e/20/e3q8)
2026-08-29 15:14:36 - main - INFO - [main.py:65] - ============================================================
2026-08-29 15:14:36 - main - INFO - [main.py:66] - TEST 3: Laravel API Authentication
2026-08-29 15:14:36 - main - INFO - [main.py:67] - ============================================================
2026-08-29 15:14:36 - main - INFO - [main.py:74] - ✅ Laravel API authentication successful
2026-08-29 15:14:36 - main - INFO - [main.py:75] - API Base URL: http://localhost:8082/api
2026-08-29 15:14:36 - main - INFO - [main.py:86] - ============================================================
2026-08-29 15:14:36 - main - INFO - [main.py:87] - TEST 4: Laravel API - Get Accounts
2026-08-29 15:14:36 - main - INFO - [main.py:88] - ============================================================
2026-08-29 15:14:37 - main - INFO - [main.py:100] - ✅ Retrieved 0 accounts from Laravel API
2026-08-29 15:14:37 - main - INFO - [main.py:117] - ============================================================
2026-08-29 15:14:37 - main - INFO - [main.py:118] - TEST 5: Laravel API - Get Expired Subscriptions
2026-08-29 15:14:37 - main - INFO - [main.py:119] - ============================================================
2026-08-29 15:14:37 - main - INFO - [main.py:131] - ✅ Retrieved 0 expired subscriptions from Laravel API
2026-08-29 15:14:37 - main - INFO - [main.py:162] - 
2026-08-29 15:14:37 - main - INFO - [main.py:163] - ============================================================
2026-08-29 15:14:37 - main - INFO - [main.py:164] - TEST SUMMARY
2026-08-29 15:14:37 - main - INFO - [main.py:165] - ============================================================
2026-08-29 15:14:37 - main - INFO - [main.py:168] - Total Tests: 5
2026-08-29 15:14:37 - main - INFO - [main.py:169] - Passed: 4
2026-08-29 15:14:37 - main - INFO - [main.py:170] - Failed: 1
2026-08-29 15:14:37 - main - ERROR - [main.py:176] - ❌ Some integration tests failed. Please check the logs above.
2026-08-29 15:17:11 - main - INFO - [main.py:147] - 🚀 Starting Soy Grandez Engine - Phase 1 Integration Tests
2026-08-29 15:17:11 - main - INFO - [main.py:148] - Environment: development
2026-08-29 15:17:11 - main - INFO - [main.py:149] - Database: localhost:3307/stream_admin_db
2026-08-29 15:17:11 - main - INFO - [main.py:150] - 
2026-08-29 15:17:11 - main - INFO - [main.py:17] - ============================================================
2026-08-29 15:17:11 - main - INFO - [main.py:18] - TEST 1: Database Connection
2026-08-29 15:17:11 - main - INFO - [main.py:19] - ============================================================
2026-08-29 15:17:11 - main - INFO - [main.py:24] - ✅ Database connection successful
2026-08-29 15:17:11 - main - INFO - [main.py:35] - ============================================================
2026-08-29 15:17:11 - main - INFO - [main.py:36] - TEST 2: Credential Repository
2026-08-29 15:17:11 - main - INFO - [main.py:37] - ============================================================
2026-08-29 15:17:11 - main - ERROR - [main.py:60] - ❌ Credential repository error: (pymysql.err.OperationalError) (1054, "Unknown column 'credentials.platform' in 'field list'")
[SQL: SELECT credentials.id AS credentials_id, credentials.platform AS credentials_platform, credentials.username AS credentials_username, credentials.encrypted_password AS credentials_encrypted_password, credentials.encrypted_api_key AS credentials_encrypted_api_key, credentials.email AS credentials_email, credentials.phone AS credentials_phone, credentials.is_active AS credentials_is_active, credentials.created_at AS credentials_created_at, credentials.updated_at AS credentials_updated_at 
FROM credentials 
WHERE credentials.is_active = true]
(Background on this error at: https://sqlalche.me/e/20/e3q8)
2026-08-29 15:17:11 - main - INFO - [main.py:65] - ============================================================
2026-08-29 15:17:11 - main - INFO - [main.py:66] - TEST 3: Laravel API Authentication
2026-08-29 15:17:11 - main - INFO - [main.py:67] - ============================================================
2026-08-29 15:17:11 - main - INFO - [main.py:74] - ✅ Laravel API authentication successful
2026-08-29 15:17:11 - main - INFO - [main.py:75] - API Base URL: http://localhost:8082/api
2026-08-29 15:17:11 - main - INFO - [main.py:86] - ============================================================
2026-08-29 15:17:11 - main - INFO - [main.py:87] - TEST 4: Laravel API - Get Accounts
2026-08-29 15:17:11 - main - INFO - [main.py:88] - ============================================================
2026-08-29 15:17:11 - main - INFO - [main.py:100] - ✅ Retrieved 0 accounts from Laravel API
2026-08-29 15:17:11 - main - INFO - [main.py:117] - ============================================================
2026-08-29 15:17:11 - main - INFO - [main.py:118] - TEST 5: Laravel API - Get Expired Subscriptions
2026-08-29 15:17:11 - main - INFO - [main.py:119] - ============================================================
2026-08-29 15:17:11 - main - INFO - [main.py:131] - ✅ Retrieved 0 expired subscriptions from Laravel API
2026-08-29 15:17:11 - main - INFO - [main.py:162] - 
2026-08-29 15:17:11 - main - INFO - [main.py:163] - ============================================================
2026-08-29 15:17:11 - main - INFO - [main.py:164] - TEST SUMMARY
2026-08-29 15:17:11 - main - INFO - [main.py:165] - ============================================================
2026-08-29 15:17:11 - main - INFO - [main.py:168] - Total Tests: 5
2026-08-29 15:17:11 - main - INFO - [main.py:169] - Passed: 4
2026-08-29 15:17:11 - main - INFO - [main.py:170] - Failed: 1
2026-08-29 15:17:11 - main - ERROR - [main.py:176] - ❌ Some integration tests failed. Please check the logs above.
2026-08-29 15:17:18 - main - INFO - [main.py:147] - 🚀 Starting Soy Grandez Engine - Phase 1 Integration Tests
2026-08-29 15:17:18 - main - INFO - [main.py:148] - Environment: development
2026-08-29 15:17:18 - main - INFO - [main.py:149] - Database: localhost:3307/stream_admin_db
2026-08-29 15:17:18 - main - INFO - [main.py:150] - 
2026-08-29 15:17:18 - main - INFO - [main.py:17] - ============================================================
2026-08-29 15:17:18 - main - INFO - [main.py:18] - TEST 1: Database Connection
2026-08-29 15:17:18 - main - INFO - [main.py:19] - ============================================================
2026-08-29 15:17:18 - main - INFO - [main.py:24] - ✅ Database connection successful
2026-08-29 15:17:18 - main - INFO - [main.py:35] - ============================================================
2026-08-29 15:17:18 - main - INFO - [main.py:36] - TEST 2: Credential Repository
2026-08-29 15:17:18 - main - INFO - [main.py:37] - ============================================================
2026-08-29 15:17:18 - main - ERROR - [main.py:60] - ❌ Credential repository error: (pymysql.err.OperationalError) (1054, "Unknown column 'credentials.platform' in 'field list'")
[SQL: SELECT credentials.id AS credentials_id, credentials.platform AS credentials_platform, credentials.username AS credentials_username, credentials.encrypted_password AS credentials_encrypted_password, credentials.encrypted_api_key AS credentials_encrypted_api_key, credentials.email AS credentials_email, credentials.phone AS credentials_phone, credentials.is_active AS credentials_is_active, credentials.created_at AS credentials_created_at, credentials.updated_at AS credentials_updated_at 
FROM credentials 
WHERE credentials.is_active = true]
(Background on this error at: https://sqlalche.me/e/20/e3q8)
2026-08-29 15:17:18 - main - INFO - [main.py:65] - ============================================================
2026-08-29 15:17:18 - main - INFO - [main.py:66] - TEST 3: Laravel API Authentication
2026-08-29 15:17:18 - main - INFO - [main.py:67] - ============================================================
2026-08-29 15:17:18 - main - INFO - [main.py:74] - ✅ Laravel API authentication successful
2026-08-29 15:17:18 - main - INFO - [main.py:75] - API Base URL: http://localhost:8082/api
2026-08-29 15:17:18 - main - INFO - [main.py:86] - ============================================================
2026-08-29 15:17:18 - main - INFO - [main.py:87] - TEST 4: Laravel API - Get Accounts
2026-08-29 15:17:18 - main - INFO - [main.py:88] - ============================================================
2026-08-29 15:17:18 - main - INFO - [main.py:100] - ✅ Retrieved 0 accounts from Laravel API
2026-08-29 15:17:18 - main - INFO - [main.py:117] - ============================================================
2026-08-29 15:17:18 - main - INFO - [main.py:118] - TEST 5: Laravel API - Get Expired Subscriptions
2026-08-29 15:17:18 - main - INFO - [main.py:119] - ============================================================
2026-08-29 15:17:19 - main - INFO - [main.py:131] - ✅ Retrieved 0 expired subscriptions from Laravel API
2026-08-29 15:17:19 - main - INFO - [main.py:162] - 
2026-08-29 15:17:19 - main - INFO - [main.py:163] - ============================================================
2026-08-29 15:17:19 - main - INFO - [main.py:164] - TEST SUMMARY
2026-08-29 15:17:19 - main - INFO - [main.py:165] - ============================================================
2026-08-29 15:17:19 - main - INFO - [main.py:168] - Total Tests: 5
2026-08-29 15:17:19 - main - INFO - [main.py:169] - Passed: 4
2026-08-29 15:17:19 - main - INFO - [main.py:170] - Failed: 1
2026-08-29 15:17:19 - main - ERROR - [main.py:176] - ❌ Some integration tests failed. Please check the logs above.
2026-08-29 15:39:26 - main - INFO - [main.py:147] - 🚀 Starting Soy Grandez Engine - Phase 1 Integration Tests
2026-08-29 15:39:26 - main - INFO - [main.py:148] - Environment: development
2026-08-29 15:39:26 - main - INFO - [main.py:149] - Database: localhost:3307/stream_admin_db
2026-08-29 15:39:26 - main - INFO - [main.py:150] - 
2026-08-29 15:39:26 - main - INFO - [main.py:17] - ============================================================
2026-08-29 15:39:26 - main - INFO - [main.py:18] - TEST 1: Database Connection
2026-08-29 15:39:26 - main - INFO - [main.py:19] - ============================================================
2026-08-29 15:39:26 - main - INFO - [main.py:24] - ✅ Database connection successful
2026-08-29 15:39:26 - main - INFO - [main.py:35] - ============================================================
2026-08-29 15:39:26 - main - INFO - [main.py:36] - TEST 2: Credential Repository
2026-08-29 15:39:26 - main - INFO - [main.py:37] - ============================================================
2026-08-29 15:39:26 - main - INFO - [main.py:44] - ✅ Retrieved 0 credentials from database
2026-08-29 15:39:26 - main - ERROR - [main.py:60] - ❌ Credential repository error: (pymysql.err.OperationalError) (1054, "Unknown column 'accounts.platform_account_id' in 'field list'")
[SQL: SELECT accounts.id AS accounts_id, accounts.platform_account_id AS accounts_platform_account_id, accounts.account_name AS accounts_account_name, accounts.subscription_end_date AS accounts_subscription_end_date, credentials.platform AS credentials_platform, credentials.username AS credentials_username 
FROM accounts INNER JOIN credentials ON accounts.credential_id = credentials.id 
WHERE accounts.subscription_end_date < %(subscription_end_date_1)s AND accounts.status = %(status_1)s]
[parameters: {'subscription_end_date_1': datetime.datetime(2026, 8, 29, 20, 39, 26, 831067), 'status_1': 'ACTIVE'}]
(Background on this error at: https://sqlalche.me/e/20/e3q8)
2026-08-29 15:39:26 - main - INFO - [main.py:65] - ============================================================
2026-08-29 15:39:26 - main - INFO - [main.py:66] - TEST 3: Laravel API Authentication
2026-08-29 15:39:26 - main - INFO - [main.py:67] - ============================================================
2026-08-29 15:39:26 - main - INFO - [main.py:74] - ✅ Laravel API authentication successful
2026-08-29 15:39:26 - main - INFO - [main.py:75] - API Base URL: http://localhost:8082/api
2026-08-29 15:39:26 - main - INFO - [main.py:86] - ============================================================
2026-08-29 15:39:26 - main - INFO - [main.py:87] - TEST 4: Laravel API - Get Accounts
2026-08-29 15:39:26 - main - INFO - [main.py:88] - ============================================================
2026-08-29 15:39:26 - main - INFO - [main.py:100] - ✅ Retrieved 0 accounts from Laravel API
2026-08-29 15:39:26 - main - INFO - [main.py:117] - ============================================================
2026-08-29 15:39:26 - main - INFO - [main.py:118] - TEST 5: Laravel API - Get Expired Subscriptions
2026-08-29 15:39:26 - main - INFO - [main.py:119] - ============================================================
2026-08-29 15:39:27 - main - INFO - [main.py:131] - ✅ Retrieved 0 expired subscriptions from Laravel API
2026-08-29 15:39:27 - main - INFO - [main.py:162] - 
2026-08-29 15:39:27 - main - INFO - [main.py:163] - ============================================================
2026-08-29 15:39:27 - main - INFO - [main.py:164] - TEST SUMMARY
2026-08-29 15:39:27 - main - INFO - [main.py:165] - ============================================================
2026-08-29 15:39:27 - main - INFO - [main.py:168] - Total Tests: 5
2026-08-29 15:39:27 - main - INFO - [main.py:169] - Passed: 4
2026-08-29 15:39:27 - main - INFO - [main.py:170] - Failed: 1
2026-08-29 15:39:27 - main - ERROR - [main.py:176] - ❌ Some integration tests failed. Please check the logs above.
2026-08-29 15:39:31 - main - INFO - [main.py:147] - 🚀 Starting Soy Grandez Engine - Phase 1 Integration Tests
2026-08-29 15:39:31 - main - INFO - [main.py:148] - Environment: development
2026-08-29 15:39:31 - main - INFO - [main.py:149] - Database: localhost:3307/stream_admin_db
2026-08-29 15:39:31 - main - INFO - [main.py:150] - 
2026-08-29 15:39:31 - main - INFO - [main.py:17] - ============================================================
2026-08-29 15:39:31 - main - INFO - [main.py:18] - TEST 1: Database Connection
2026-08-29 15:39:31 - main - INFO - [main.py:19] - ============================================================
2026-08-29 15:39:31 - main - INFO - [main.py:24] - ✅ Database connection successful
2026-08-29 15:39:31 - main - INFO - [main.py:35] - ============================================================
2026-08-29 15:39:31 - main - INFO - [main.py:36] - TEST 2: Credential Repository
2026-08-29 15:39:31 - main - INFO - [main.py:37] - ============================================================
2026-08-29 15:39:31 - main - INFO - [main.py:44] - ✅ Retrieved 0 credentials from database
2026-08-29 15:39:31 - main - ERROR - [main.py:60] - ❌ Credential repository error: (pymysql.err.OperationalError) (1054, "Unknown column 'accounts.platform_account_id' in 'field list'")
[SQL: SELECT accounts.id AS accounts_id, accounts.platform_account_id AS accounts_platform_account_id, accounts.account_name AS accounts_account_name, accounts.subscription_end_date AS accounts_subscription_end_date, credentials.platform AS credentials_platform, credentials.username AS credentials_username 
FROM accounts INNER JOIN credentials ON accounts.credential_id = credentials.id 
WHERE accounts.subscription_end_date < %(subscription_end_date_1)s AND accounts.status = %(status_1)s]
[parameters: {'subscription_end_date_1': datetime.datetime(2026, 8, 29, 20, 39, 31, 621399), 'status_1': 'ACTIVE'}]
(Background on this error at: https://sqlalche.me/e/20/e3q8)
2026-08-29 15:39:31 - main - INFO - [main.py:65] - ============================================================
2026-08-29 15:39:31 - main - INFO - [main.py:66] - TEST 3: Laravel API Authentication
2026-08-29 15:39:31 - main - INFO - [main.py:67] - ============================================================
2026-08-29 15:39:31 - main - INFO - [main.py:74] - ✅ Laravel API authentication successful
2026-08-29 15:39:31 - main - INFO - [main.py:75] - API Base URL: http://localhost:8082/api
2026-08-29 15:39:31 - main - INFO - [main.py:86] - ============================================================
2026-08-29 15:39:31 - main - INFO - [main.py:87] - TEST 4: Laravel API - Get Accounts
2026-08-29 15:39:31 - main - INFO - [main.py:88] - ============================================================
2026-08-29 15:39:31 - main - INFO - [main.py:100] - ✅ Retrieved 0 accounts from Laravel API
2026-08-29 15:39:31 - main - INFO - [main.py:117] - ============================================================
2026-08-29 15:39:31 - main - INFO - [main.py:118] - TEST 5: Laravel API - Get Expired Subscriptions
2026-08-29 15:39:31 - main - INFO - [main.py:119] - ============================================================
2026-08-29 15:39:31 - main - INFO - [main.py:131] - ✅ Retrieved 0 expired subscriptions from Laravel API
2026-08-29 15:39:31 - main - INFO - [main.py:162] - 
2026-08-29 15:39:31 - main - INFO - [main.py:163] - ============================================================
2026-08-29 15:39:31 - main - INFO - [main.py:164] - TEST SUMMARY
2026-08-29 15:39:31 - main - INFO - [main.py:165] - ============================================================
2026-08-29 15:39:31 - main - INFO - [main.py:168] - Total Tests: 5
2026-08-29 15:39:31 - main - INFO - [main.py:169] - Passed: 4
2026-08-29 15:39:31 - main - INFO - [main.py:170] - Failed: 1
2026-08-29 15:39:31 - main - ERROR - [main.py:176] - ❌ Some integration tests failed. Please check the logs above.
2026-08-29 15:50:45 - main - INFO - [main.py:147] - 🚀 Starting Soy Grandez Engine - Phase 1 Integration Tests
2026-08-29 15:50:45 - main - INFO - [main.py:148] - Environment: development
2026-08-29 15:50:45 - main - INFO - [main.py:149] - Database: localhost:3307/stream_admin_db
2026-08-29 15:50:45 - main - INFO - [main.py:150] - 
2026-08-29 15:50:45 - main - INFO - [main.py:17] - ============================================================
2026-08-29 15:50:45 - main - INFO - [main.py:18] - TEST 1: Database Connection
2026-08-29 15:50:45 - main - INFO - [main.py:19] - ============================================================
2026-08-29 15:50:45 - main - INFO - [main.py:24] - ✅ Database connection successful
2026-08-29 15:50:45 - main - INFO - [main.py:35] - ============================================================
2026-08-29 15:50:45 - main - INFO - [main.py:36] - TEST 2: Credential Repository
2026-08-29 15:50:45 - main - INFO - [main.py:37] - ============================================================
2026-08-29 15:50:45 - main - INFO - [main.py:44] - ✅ Retrieved 0 credentials from database
2026-08-29 15:50:45 - main - ERROR - [main.py:60] - ❌ Credential repository error: (pymysql.err.OperationalError) (1054, "Unknown column 'accounts.platform_account_id' in 'field list'")
[SQL: SELECT accounts.id AS accounts_id, accounts.platform_account_id AS accounts_platform_account_id, accounts.account_name AS accounts_account_name, accounts.subscription_end_date AS accounts_subscription_end_date, credentials.platform AS credentials_platform, credentials.username AS credentials_username 
FROM accounts INNER JOIN credentials ON accounts.credential_id = credentials.id 
WHERE accounts.subscription_end_date < %(subscription_end_date_1)s AND accounts.status = %(status_1)s]
[parameters: {'subscription_end_date_1': datetime.datetime(2026, 8, 29, 20, 50, 45, 936714), 'status_1': 'ACTIVE'}]
(Background on this error at: https://sqlalche.me/e/20/e3q8)
2026-08-29 15:50:45 - main - INFO - [main.py:65] - ============================================================
2026-08-29 15:50:45 - main - INFO - [main.py:66] - TEST 3: Laravel API Authentication
2026-08-29 15:50:45 - main - INFO - [main.py:67] - ============================================================
2026-08-29 15:50:45 - main - INFO - [main.py:74] - ✅ Laravel API authentication successful
2026-08-29 15:50:45 - main - INFO - [main.py:75] - API Base URL: http://localhost:8082/api
2026-08-29 15:50:45 - main - INFO - [main.py:86] - ============================================================
2026-08-29 15:50:45 - main - INFO - [main.py:87] - TEST 4: Laravel API - Get Accounts
2026-08-29 15:50:45 - main - INFO - [main.py:88] - ============================================================
2026-08-29 15:50:46 - main - INFO - [main.py:100] - ✅ Retrieved 0 accounts from Laravel API
2026-08-29 15:50:46 - main - INFO - [main.py:117] - ============================================================
2026-08-29 15:50:46 - main - INFO - [main.py:118] - TEST 5: Laravel API - Get Expired Subscriptions
2026-08-29 15:50:46 - main - INFO - [main.py:119] - ============================================================
2026-08-29 15:50:46 - main - INFO - [main.py:131] - ✅ Retrieved 0 expired subscriptions from Laravel API
2026-08-29 15:50:46 - main - INFO - [main.py:162] - 
2026-08-29 15:50:46 - main - INFO - [main.py:163] - ============================================================
2026-08-29 15:50:46 - main - INFO - [main.py:164] - TEST SUMMARY
2026-08-29 15:50:46 - main - INFO - [main.py:165] - ============================================================
2026-08-29 15:50:46 - main - INFO - [main.py:168] - Total Tests: 5
2026-08-29 15:50:46 - main - INFO - [main.py:169] - Passed: 4
2026-08-29 15:50:46 - main - INFO - [main.py:170] - Failed: 1
2026-08-29 15:50:46 - main - ERROR - [main.py:176] - ❌ Some integration tests failed. Please check the logs above.
2026-08-29 15:51:47 - main - INFO - [main.py:147] - 🚀 Starting Soy Grandez Engine - Phase 1 Integration Tests
2026-08-29 15:51:47 - main - INFO - [main.py:148] - Environment: development
2026-08-29 15:51:47 - main - INFO - [main.py:149] - Database: localhost:3307/stream_admin_db
2026-08-29 15:51:47 - main - INFO - [main.py:150] - 
2026-08-29 15:51:47 - main - INFO - [main.py:17] - ============================================================
2026-08-29 15:51:47 - main - INFO - [main.py:18] - TEST 1: Database Connection
2026-08-29 15:51:47 - main - INFO - [main.py:19] - ============================================================
2026-08-29 15:51:47 - main - INFO - [main.py:24] - ✅ Database connection successful
2026-08-29 15:51:47 - main - INFO - [main.py:35] - ============================================================
2026-08-29 15:51:47 - main - INFO - [main.py:36] - TEST 2: Credential Repository
2026-08-29 15:51:47 - main - INFO - [main.py:37] - ============================================================
2026-08-29 15:51:47 - main - INFO - [main.py:44] - ✅ Retrieved 0 credentials from database
2026-08-29 15:51:47 - main - ERROR - [main.py:60] - ❌ Credential repository error: (pymysql.err.OperationalError) (1054, "Unknown column 'accounts.nombre_real_en_tu_mysql' in 'field list'")
[SQL: SELECT accounts.id AS accounts_id, accounts.nombre_real_en_tu_mysql AS accounts_nombre_real_en_tu_mysql, accounts.account_name AS accounts_account_name, accounts.subscription_end_date AS accounts_subscription_end_date, credentials.platform AS credentials_platform, credentials.username AS credentials_username 
FROM accounts INNER JOIN credentials ON accounts.credential_id = credentials.id 
WHERE accounts.subscription_end_date < %(subscription_end_date_1)s AND accounts.status = %(status_1)s]
[parameters: {'subscription_end_date_1': datetime.datetime(2026, 8, 29, 20, 51, 47, 36450), 'status_1': 'ACTIVE'}]
(Background on this error at: https://sqlalche.me/e/20/e3q8)
2026-08-29 15:51:47 - main - INFO - [main.py:65] - ============================================================
2026-08-29 15:51:47 - main - INFO - [main.py:66] - TEST 3: Laravel API Authentication
2026-08-29 15:51:47 - main - INFO - [main.py:67] - ============================================================
2026-08-29 15:51:47 - main - INFO - [main.py:74] - ✅ Laravel API authentication successful
2026-08-29 15:51:47 - main - INFO - [main.py:75] - API Base URL: http://localhost:8082/api
2026-08-29 15:51:47 - main - INFO - [main.py:86] - ============================================================
2026-08-29 15:51:47 - main - INFO - [main.py:87] - TEST 4: Laravel API - Get Accounts
2026-08-29 15:51:47 - main - INFO - [main.py:88] - ============================================================
2026-08-29 15:51:47 - main - INFO - [main.py:100] - ✅ Retrieved 0 accounts from Laravel API
2026-08-29 15:51:47 - main - INFO - [main.py:117] - ============================================================
2026-08-29 15:51:47 - main - INFO - [main.py:118] - TEST 5: Laravel API - Get Expired Subscriptions
2026-08-29 15:51:47 - main - INFO - [main.py:119] - ============================================================
2026-08-29 15:51:47 - main - INFO - [main.py:131] - ✅ Retrieved 0 expired subscriptions from Laravel API
2026-08-29 15:51:47 - main - INFO - [main.py:162] - 
2026-08-29 15:51:47 - main - INFO - [main.py:163] - ============================================================
2026-08-29 15:51:47 - main - INFO - [main.py:164] - TEST SUMMARY
2026-08-29 15:51:47 - main - INFO - [main.py:165] - ============================================================
2026-08-29 15:51:47 - main - INFO - [main.py:168] - Total Tests: 5
2026-08-29 15:51:47 - main - INFO - [main.py:169] - Passed: 4
2026-08-29 15:51:47 - main - INFO - [main.py:170] - Failed: 1
2026-08-29 15:51:47 - main - ERROR - [main.py:176] - ❌ Some integration tests failed. Please check the logs above.
2026-08-29 15:56:11 - main - INFO - [main.py:147] - 🚀 Starting Soy Grandez Engine - Phase 1 Integration Tests
2026-08-29 15:56:11 - main - INFO - [main.py:148] - Environment: development
2026-08-29 15:56:11 - main - INFO - [main.py:149] - Database: localhost:3307/stream_admin_db
2026-08-29 15:56:11 - main - INFO - [main.py:150] - 
2026-08-29 15:56:11 - main - INFO - [main.py:17] - ============================================================
2026-08-29 15:56:11 - main - INFO - [main.py:18] - TEST 1: Database Connection
2026-08-29 15:56:11 - main - INFO - [main.py:19] - ============================================================
2026-08-29 15:56:11 - main - INFO - [main.py:24] - ✅ Database connection successful
2026-08-29 15:56:11 - main - INFO - [main.py:35] - ============================================================
2026-08-29 15:56:11 - main - INFO - [main.py:36] - TEST 2: Credential Repository
2026-08-29 15:56:11 - main - INFO - [main.py:37] - ============================================================
2026-08-29 15:56:11 - main - INFO - [main.py:44] - ✅ Retrieved 0 credentials from database
2026-08-29 15:56:11 - main - INFO - [main.py:48] - ✅ Found 0 expired accounts
2026-08-29 15:56:11 - main - INFO - [main.py:65] - ============================================================
2026-08-29 15:56:11 - main - INFO - [main.py:66] - TEST 3: Laravel API Authentication
2026-08-29 15:56:11 - main - INFO - [main.py:67] - ============================================================
2026-08-29 15:56:11 - main - INFO - [main.py:74] - ✅ Laravel API authentication successful
2026-08-29 15:56:11 - main - INFO - [main.py:75] - API Base URL: http://localhost:8082/api
2026-08-29 15:56:11 - main - INFO - [main.py:86] - ============================================================
2026-08-29 15:56:11 - main - INFO - [main.py:87] - TEST 4: Laravel API - Get Accounts
2026-08-29 15:56:11 - main - INFO - [main.py:88] - ============================================================
2026-08-29 15:56:12 - main - INFO - [main.py:100] - ✅ Retrieved 0 accounts from Laravel API
2026-08-29 15:56:12 - main - INFO - [main.py:117] - ============================================================
2026-08-29 15:56:12 - main - INFO - [main.py:118] - TEST 5: Laravel API - Get Expired Subscriptions
2026-08-29 15:56:12 - main - INFO - [main.py:119] - ============================================================
2026-08-29 15:56:12 - main - INFO - [main.py:131] - ✅ Retrieved 0 expired subscriptions from Laravel API
2026-08-29 15:56:12 - main - INFO - [main.py:162] - 
2026-08-29 15:56:12 - main - INFO - [main.py:163] - ============================================================
2026-08-29 15:56:12 - main - INFO - [main.py:164] - TEST SUMMARY
2026-08-29 15:56:12 - main - INFO - [main.py:165] - ============================================================
2026-08-29 15:56:12 - main - INFO - [main.py:168] - Total Tests: 5
2026-08-29 15:56:12 - main - INFO - [main.py:169] - Passed: 5
2026-08-29 15:56:12 - main - INFO - [main.py:170] - Failed: 0
2026-08-29 15:56:12 - main - INFO - [main.py:173] - ✅ All integration tests passed successfully!
2026-08-29 15:56:19 - main - INFO - [main.py:147] - 🚀 Starting Soy Grandez Engine - Phase 1 Integration Tests
2026-08-29 15:56:19 - main - INFO - [main.py:148] - Environment: development
2026-08-29 15:56:19 - main - INFO - [main.py:149] - Database: localhost:3307/stream_admin_db
2026-08-29 15:56:19 - main - INFO - [main.py:150] - 
2026-08-29 15:56:19 - main - INFO - [main.py:17] - ============================================================
2026-08-29 15:56:19 - main - INFO - [main.py:18] - TEST 1: Database Connection
2026-08-29 15:56:19 - main - INFO - [main.py:19] - ============================================================
2026-08-29 15:56:19 - main - INFO - [main.py:24] - ✅ Database connection successful
2026-08-29 15:56:19 - main - INFO - [main.py:35] - ============================================================
2026-08-29 15:56:19 - main - INFO - [main.py:36] - TEST 2: Credential Repository
2026-08-29 15:56:19 - main - INFO - [main.py:37] - ============================================================
2026-08-29 15:56:19 - main - INFO - [main.py:44] - ✅ Retrieved 0 credentials from database
2026-08-29 15:56:19 - main - INFO - [main.py:48] - ✅ Found 0 expired accounts
2026-08-29 15:56:19 - main - INFO - [main.py:65] - ============================================================
2026-08-29 15:56:19 - main - INFO - [main.py:66] - TEST 3: Laravel API Authentication
2026-08-29 15:56:19 - main - INFO - [main.py:67] - ============================================================
2026-08-29 15:56:19 - main - INFO - [main.py:74] - ✅ Laravel API authentication successful
2026-08-29 15:56:19 - main - INFO - [main.py:75] - API Base URL: http://localhost:8082/api
2026-08-29 15:56:19 - main - INFO - [main.py:86] - ============================================================
2026-08-29 15:56:19 - main - INFO - [main.py:87] - TEST 4: Laravel API - Get Accounts
2026-08-29 15:56:19 - main - INFO - [main.py:88] - ============================================================
2026-08-29 15:56:19 - main - INFO - [main.py:100] - ✅ Retrieved 0 accounts from Laravel API
2026-08-29 15:56:19 - main - INFO - [main.py:117] - ============================================================
2026-08-29 15:56:19 - main - INFO - [main.py:118] - TEST 5: Laravel API - Get Expired Subscriptions
2026-08-29 15:56:19 - main - INFO - [main.py:119] - ============================================================
2026-08-29 15:56:19 - main - INFO - [main.py:131] - ✅ Retrieved 0 expired subscriptions from Laravel API
2026-08-29 15:56:19 - main - INFO - [main.py:162] - 
2026-08-29 15:56:19 - main - INFO - [main.py:163] - ============================================================
2026-08-29 15:56:19 - main - INFO - [main.py:164] - TEST SUMMARY
2026-08-29 15:56:19 - main - INFO - [main.py:165] - ============================================================
2026-08-29 15:56:19 - main - INFO - [main.py:168] - Total Tests: 5
2026-08-29 15:56:19 - main - INFO - [main.py:169] - Passed: 5
2026-08-29 15:56:19 - main - INFO - [main.py:170] - Failed: 0
2026-08-29 15:56:19 - main - INFO - [main.py:173] - ✅ All integration tests passed successfully!
2026-08-30 22:03:19 - main - INFO - [main.py:182] - 🚀 Starting Soy Grandez Engine - Sync Process
2026-08-30 22:03:19 - main - INFO - [main.py:183] - Environment: development
2026-08-30 22:03:19 - main - INFO - [main.py:184] - 
2026-08-30 22:03:23 - main - INFO - [main.py:190] - 
2026-08-30 22:03:23 - main - INFO - [main.py:191] - ============================================================
2026-08-30 22:03:23 - main - INFO - [main.py:192] - SYNC SUMMARY
2026-08-30 22:03:23 - main - INFO - [main.py:193] - ============================================================
2026-08-30 22:03:23 - main - INFO - [main.py:194] - Processed: 8
2026-08-30 22:03:23 - main - INFO - [main.py:195] - Successful: 0
2026-08-30 22:03:23 - main - INFO - [main.py:196] - Failed: 8
2026-08-30 22:03:23 - main - INFO - [main.py:199] - ✅ Sync completed successfully!
2026-08-30 22:04:17 - main - INFO - [main.py:217] - 🚀 Processing single account: 1 (disney)
2026-08-30 22:04:17 - main - INFO - [main.py:218] - 
2026-08-30 22:04:17 - main - ERROR - [main.py:239] - ❌ Account processing error: 'OrchestratorService' object has no attribute 'process_single_account'
2026-08-30 22:05:00 - main - INFO - [main.py:217] - 🚀 Processing single account: 1 (disney)
2026-08-30 22:05:00 - main - INFO - [main.py:218] - 
2026-08-30 22:05:00 - main - ERROR - [main.py:239] - ❌ Account processing error: 'OrchestratorService' object has no attribute 'process_single_account'
2026-08-30 22:05:08 - main - INFO - [main.py:217] - 🚀 Processing single account: 1 (disney)
2026-08-30 22:05:08 - main - INFO - [main.py:218] - 
2026-08-30 22:05:08 - main - ERROR - [main.py:239] - ❌ Account processing error: 'OrchestratorService' object has no attribute 'process_single_account'
2026-08-30 22:05:42 - main - INFO - [main.py:217] - 🚀 Processing single account: 1 (disney)
2026-08-30 22:05:42 - main - INFO - [main.py:218] - 
2026-08-30 22:05:42 - main - ERROR - [main.py:239] - ❌ Account processing error: 'OrchestratorService' object has no attribute 'process_single_account'
2026-08-30 22:06:26 - main - INFO - [main.py:217] - 🚀 Processing single account: 1 (disney)
2026-08-30 22:06:26 - main - INFO - [main.py:218] - 
2026-08-30 22:06:26 - main - ERROR - [main.py:239] - ❌ Account processing error: 'OrchestratorService' object has no attribute 'process_single_account'
2026-08-30 22:07:16 - main - INFO - [main.py:217] - 🚀 Processing single account: 1 (disney)
2026-08-30 22:07:16 - main - INFO - [main.py:218] - 
2026-08-30 22:07:16 - main - ERROR - [main.py:239] - ❌ Account processing error: 'OrchestratorService' object has no attribute 'process_single_account'
2026-08-30 22:07:46 - main - INFO - [main.py:217] - 🚀 Processing single account: 1 (disney)
2026-08-30 22:07:46 - main - INFO - [main.py:218] - 
2026-08-30 22:07:47 - main - INFO - [main.py:224] - 
2026-08-30 22:07:47 - main - INFO - [main.py:225] - ============================================================
2026-08-30 22:07:47 - main - INFO - [main.py:226] - ACCOUNT PROCESSING SUMMARY
2026-08-30 22:07:47 - main - INFO - [main.py:227] - ============================================================
2026-08-30 22:07:47 - main - INFO - [main.py:228] - Success: False
2026-08-30 22:07:47 - main - INFO - [main.py:229] - Message: Failed to login to disney
2026-08-30 22:07:47 - main - ERROR - [main.py:235] - ❌ Account processing failed: authentication_failed
2026-08-30 22:09:45 - main - INFO - [main.py:217] - 🚀 Processing single account: 1 (disney)
2026-08-30 22:09:45 - main - INFO - [main.py:218] - 
2026-08-30 22:10:10 - main - INFO - [main.py:224] - 
2026-08-30 22:10:10 - main - INFO - [main.py:225] - ============================================================
2026-08-30 22:10:10 - main - INFO - [main.py:226] - ACCOUNT PROCESSING SUMMARY
2026-08-30 22:10:10 - main - INFO - [main.py:227] - ============================================================
2026-08-30 22:10:10 - main - INFO - [main.py:228] - Success: False
2026-08-30 22:10:10 - main - INFO - [main.py:229] - Message: Failed to login to disney
2026-08-30 22:10:10 - main - ERROR - [main.py:235] - ❌ Account processing failed: authentication_failed
2026-08-30 22:16:44 - main - INFO - [main.py:217] - 🚀 Processing single account: 1 (disney)
2026-08-30 22:16:44 - main - INFO - [main.py:218] - 
2026-08-30 22:16:56 - main - INFO - [main.py:224] - 
2026-08-30 22:16:56 - main - INFO - [main.py:225] - ============================================================
2026-08-30 22:16:56 - main - INFO - [main.py:226] - ACCOUNT PROCESSING SUMMARY
2026-08-30 22:16:56 - main - INFO - [main.py:227] - ============================================================
2026-08-30 22:16:56 - main - INFO - [main.py:228] - Success: False
2026-08-30 22:16:56 - main - INFO - [main.py:229] - Message: Failed to login to disney
2026-08-30 22:16:56 - main - ERROR - [main.py:235] - ❌ Account processing failed: authentication_failed
2026-08-30 22:19:55 - main - INFO - [main.py:217] - 🚀 Processing single account: 1 (disney)
2026-08-30 22:19:55 - main - INFO - [main.py:218] - 
2026-08-30 22:20:08 - main - INFO - [main.py:224] - 
2026-08-30 22:20:08 - main - INFO - [main.py:225] - ============================================================
2026-08-30 22:20:08 - main - INFO - [main.py:226] - ACCOUNT PROCESSING SUMMARY
2026-08-30 22:20:08 - main - INFO - [main.py:227] - ============================================================
2026-08-30 22:20:08 - main - INFO - [main.py:228] - Success: False
2026-08-30 22:20:08 - main - INFO - [main.py:229] - Message: Failed to login to disney
2026-08-30 22:20:08 - main - ERROR - [main.py:235] - ❌ Account processing failed: authentication_failed
2026-08-30 22:21:41 - main - INFO - [main.py:217] - 🚀 Processing single account: 1 (disney)
2026-08-30 22:21:41 - main - INFO - [main.py:218] - 
2026-08-30 22:21:52 - main - INFO - [main.py:224] - 
2026-08-30 22:21:52 - main - INFO - [main.py:225] - ============================================================
2026-08-30 22:21:52 - main - INFO - [main.py:226] - ACCOUNT PROCESSING SUMMARY
2026-08-30 22:21:52 - main - INFO - [main.py:227] - ============================================================
2026-08-30 22:21:52 - main - INFO - [main.py:228] - Success: False
2026-08-30 22:21:52 - main - INFO - [main.py:229] - Message: Failed to login to disney
2026-08-30 22:21:52 - main - ERROR - [main.py:235] - ❌ Account processing failed: authentication_failed
2026-08-30 22:24:14 - main - INFO - [main.py:217] - 🚀 Processing single account: 1 (disney)
2026-08-30 22:24:14 - main - INFO - [main.py:218] - 
2026-08-30 22:24:38 - main - INFO - [main.py:224] - 
2026-08-30 22:24:38 - main - INFO - [main.py:225] - ============================================================
2026-08-30 22:24:38 - main - INFO - [main.py:226] - ACCOUNT PROCESSING SUMMARY
2026-08-30 22:24:38 - main - INFO - [main.py:227] - ============================================================
2026-08-30 22:24:38 - main - INFO - [main.py:228] - Success: False
2026-08-30 22:24:38 - main - INFO - [main.py:229] - Message: Failed to login to disney
2026-08-30 22:24:38 - main - ERROR - [main.py:235] - ❌ Account processing failed: authentication_failed
2026-08-30 22:29:08 - main - INFO - [main.py:217] - 🚀 Processing single account: 1 (disney)
2026-08-30 22:29:08 - main - INFO - [main.py:218] - 
2026-08-30 22:29:38 - main - INFO - [main.py:224] - 
2026-08-30 22:29:38 - main - INFO - [main.py:225] - ============================================================
2026-08-30 22:29:38 - main - INFO - [main.py:226] - ACCOUNT PROCESSING SUMMARY
2026-08-30 22:29:38 - main - INFO - [main.py:227] - ============================================================
2026-08-30 22:29:38 - main - INFO - [main.py:228] - Success: False
2026-08-30 22:29:38 - main - INFO - [main.py:229] - Message: Failed to login to disney
2026-08-30 22:29:38 - main - ERROR - [main.py:235] - ❌ Account processing failed: authentication_failed
